---
source: linera-witty/tests/reentrancy.rs
expression: "WitInterfaceWriter::new::<Interface>().generate_file_contents().collect::<String>()"
---
package witty-macros:test-modules;

interface simple-function {
    simple: func();
}
